2023-12-19 21:12:536 INFO  StartPage :24 - Click on start now: [[ChromeDriver: chrome on windows (e1ec0523d4a0dc9eec6ba7f4c0b5a86e)] -> xpath: //a[normalize-space()='Start now']]
2023-12-19 21:12:838 INFO  StartPage :24 - Click on start now: [[ChromeDriver: chrome on windows (157d7c4d8f75dd8b05bc051d32f123a4)] -> xpath: //a[normalize-space()='Start now']]
2023-12-19 21:12:128 INFO  SelectNationalityPage :26 - Select country: [[ChromeDriver: chrome on windows (157d7c4d8f75dd8b05bc051d32f123a4)] -> id: response]
2023-12-19 21:12:305 INFO  SelectNationalityPage :32 - Click on continue: [[ChromeDriver: chrome on windows (157d7c4d8f75dd8b05bc051d32f123a4)] -> xpath: //button[normalize-space()='Continue']]
2023-12-19 21:12:634 INFO  ReasonForTravelPage :28 - Select a reason for visit: [[[ChromeDriver: chrome on windows (157d7c4d8f75dd8b05bc051d32f123a4)] -> xpath: //div[@class='govuk-radios']//div//label], [[ChromeDriver: chrome on windows (157d7c4d8f75dd8b05bc051d32f123a4)] -> xpath: //div[@class='govuk-radios']//div//label], [[ChromeDriver: chrome on windows (157d7c4d8f75dd8b05bc051d32f123a4)] -> xpath: //div[@class='govuk-radios']//div//label], [[ChromeDriver: chrome on windows (157d7c4d8f75dd8b05bc051d32f123a4)] -> xpath: //div[@class='govuk-radios']//div//label], [[ChromeDriver: chrome on windows (157d7c4d8f75dd8b05bc051d32f123a4)] -> xpath: //div[@class='govuk-radios']//div//label], [[ChromeDriver: chrome on windows (157d7c4d8f75dd8b05bc051d32f123a4)] -> xpath: //div[@class='govuk-radios']//div//label], [[ChromeDriver: chrome on windows (157d7c4d8f75dd8b05bc051d32f123a4)] -> xpath: //div[@class='govuk-radios']//div//label], [[ChromeDriver: chrome on windows (157d7c4d8f75dd8b05bc051d32f123a4)] -> xpath: //div[@class='govuk-radios']//div//label], [[ChromeDriver: chrome on windows (157d7c4d8f75dd8b05bc051d32f123a4)] -> xpath: //div[@class='govuk-radios']//div//label]]
2023-12-19 21:12:755 INFO  SelectNationalityPage :32 - Click on continue: [[ChromeDriver: chrome on windows (157d7c4d8f75dd8b05bc051d32f123a4)] -> xpath: //button[normalize-space()='Continue']]
2023-12-19 21:12:54 INFO  ResultPage :27 - Verify result text displayed: [[ChromeDriver: chrome on windows (157d7c4d8f75dd8b05bc051d32f123a4)] -> xpath: //h2[@class='gem-c-heading gem-c-heading--font-size-27   govuk-!-margin-bottom-6']]
2023-12-19 21:12:55 INFO  ResultPage :22 - Get result text displayed: [[ChromeDriver: chrome on windows (157d7c4d8f75dd8b05bc051d32f123a4)] -> xpath: //h2[@class='gem-c-heading gem-c-heading--font-size-27   govuk-!-margin-bottom-6']]
2023-12-19 21:12:644 INFO  StartPage :24 - Click on start now: [[ChromeDriver: chrome on windows (ba915ad56f0dcdf2687d58ad1b410837)] -> xpath: //a[normalize-space()='Start now']]
2023-12-19 21:12:947 INFO  SelectNationalityPage :26 - Select country: [[ChromeDriver: chrome on windows (ba915ad56f0dcdf2687d58ad1b410837)] -> id: response]
2023-12-19 21:12:104 INFO  SelectNationalityPage :32 - Click on continue: [[ChromeDriver: chrome on windows (ba915ad56f0dcdf2687d58ad1b410837)] -> xpath: //button[normalize-space()='Continue']]
2023-12-19 21:12:389 INFO  ReasonForTravelPage :28 - Select a reason for visit: [[[ChromeDriver: chrome on windows (ba915ad56f0dcdf2687d58ad1b410837)] -> xpath: //div[@class='govuk-radios']//div//label], [[ChromeDriver: chrome on windows (ba915ad56f0dcdf2687d58ad1b410837)] -> xpath: //div[@class='govuk-radios']//div//label], [[ChromeDriver: chrome on windows (ba915ad56f0dcdf2687d58ad1b410837)] -> xpath: //div[@class='govuk-radios']//div//label], [[ChromeDriver: chrome on windows (ba915ad56f0dcdf2687d58ad1b410837)] -> xpath: //div[@class='govuk-radios']//div//label], [[ChromeDriver: chrome on windows (ba915ad56f0dcdf2687d58ad1b410837)] -> xpath: //div[@class='govuk-radios']//div//label], [[ChromeDriver: chrome on windows (ba915ad56f0dcdf2687d58ad1b410837)] -> xpath: //div[@class='govuk-radios']//div//label], [[ChromeDriver: chrome on windows (ba915ad56f0dcdf2687d58ad1b410837)] -> xpath: //div[@class='govuk-radios']//div//label], [[ChromeDriver: chrome on windows (ba915ad56f0dcdf2687d58ad1b410837)] -> xpath: //div[@class='govuk-radios']//div//label], [[ChromeDriver: chrome on windows (ba915ad56f0dcdf2687d58ad1b410837)] -> xpath: //div[@class='govuk-radios']//div//label]]
2023-12-19 21:12:500 INFO  SelectNationalityPage :32 - Click on continue: [[ChromeDriver: chrome on windows (ba915ad56f0dcdf2687d58ad1b410837)] -> xpath: //button[normalize-space()='Continue']]
2023-12-19 21:12:748 INFO  DurationOfStayPage :28 - Select Stay Time Length: [[[ChromeDriver: chrome on windows (ba915ad56f0dcdf2687d58ad1b410837)] -> xpath: //div[@class='govuk-radios']//label], [[ChromeDriver: chrome on windows (ba915ad56f0dcdf2687d58ad1b410837)] -> xpath: //div[@class='govuk-radios']//label]]
2023-12-19 21:12:822 INFO  SelectNationalityPage :32 - Click on continue: [[ChromeDriver: chrome on windows (ba915ad56f0dcdf2687d58ad1b410837)] -> xpath: //button[normalize-space()='Continue']]
2023-12-19 21:12:87 INFO  WorkTypePage :29 - Select job type: [[[ChromeDriver: chrome on windows (ba915ad56f0dcdf2687d58ad1b410837)] -> xpath: //div[@class='govuk-radios']//div//label], [[ChromeDriver: chrome on windows (ba915ad56f0dcdf2687d58ad1b410837)] -> xpath: //div[@class='govuk-radios']//div//label], [[ChromeDriver: chrome on windows (ba915ad56f0dcdf2687d58ad1b410837)] -> xpath: //div[@class='govuk-radios']//div//label], [[ChromeDriver: chrome on windows (ba915ad56f0dcdf2687d58ad1b410837)] -> xpath: //div[@class='govuk-radios']//div//label], [[ChromeDriver: chrome on windows (ba915ad56f0dcdf2687d58ad1b410837)] -> xpath: //div[@class='govuk-radios']//div//label], [[ChromeDriver: chrome on windows (ba915ad56f0dcdf2687d58ad1b410837)] -> xpath: //div[@class='govuk-radios']//div//label], [[ChromeDriver: chrome on windows (ba915ad56f0dcdf2687d58ad1b410837)] -> xpath: //div[@class='govuk-radios']//div//label], [[ChromeDriver: chrome on windows (ba915ad56f0dcdf2687d58ad1b410837)] -> xpath: //div[@class='govuk-radios']//div//label]]
2023-12-19 21:12:180 INFO  SelectNationalityPage :32 - Click on continue: [[ChromeDriver: chrome on windows (ba915ad56f0dcdf2687d58ad1b410837)] -> xpath: //button[normalize-space()='Continue']]
2023-12-19 21:12:520 INFO  ResultPage :27 - Verify result text displayed: [[ChromeDriver: chrome on windows (ba915ad56f0dcdf2687d58ad1b410837)] -> xpath: //h2[@class='gem-c-heading gem-c-heading--font-size-27   govuk-!-margin-bottom-6']]
2023-12-19 21:12:520 INFO  ResultPage :22 - Get result text displayed: [[ChromeDriver: chrome on windows (ba915ad56f0dcdf2687d58ad1b410837)] -> xpath: //h2[@class='gem-c-heading gem-c-heading--font-size-27   govuk-!-margin-bottom-6']]
2023-12-19 21:12:81 INFO  StartPage :24 - Click on start now: [[ChromeDriver: chrome on windows (e71ce112e1117b97d0a17db5184a7fee)] -> xpath: //a[normalize-space()='Start now']]
2023-12-19 21:12:381 INFO  SelectNationalityPage :26 - Select country: [[ChromeDriver: chrome on windows (e71ce112e1117b97d0a17db5184a7fee)] -> id: response]
2023-12-19 21:12:544 INFO  SelectNationalityPage :32 - Click on continue: [[ChromeDriver: chrome on windows (e71ce112e1117b97d0a17db5184a7fee)] -> xpath: //button[normalize-space()='Continue']]
2023-12-19 21:12:835 INFO  ReasonForTravelPage :28 - Select a reason for visit: [[[ChromeDriver: chrome on windows (e71ce112e1117b97d0a17db5184a7fee)] -> xpath: //div[@class='govuk-radios']//div//label], [[ChromeDriver: chrome on windows (e71ce112e1117b97d0a17db5184a7fee)] -> xpath: //div[@class='govuk-radios']//div//label], [[ChromeDriver: chrome on windows (e71ce112e1117b97d0a17db5184a7fee)] -> xpath: //div[@class='govuk-radios']//div//label], [[ChromeDriver: chrome on windows (e71ce112e1117b97d0a17db5184a7fee)] -> xpath: //div[@class='govuk-radios']//div//label], [[ChromeDriver: chrome on windows (e71ce112e1117b97d0a17db5184a7fee)] -> xpath: //div[@class='govuk-radios']//div//label], [[ChromeDriver: chrome on windows (e71ce112e1117b97d0a17db5184a7fee)] -> xpath: //div[@class='govuk-radios']//div//label], [[ChromeDriver: chrome on windows (e71ce112e1117b97d0a17db5184a7fee)] -> xpath: //div[@class='govuk-radios']//div//label], [[ChromeDriver: chrome on windows (e71ce112e1117b97d0a17db5184a7fee)] -> xpath: //div[@class='govuk-radios']//div//label], [[ChromeDriver: chrome on windows (e71ce112e1117b97d0a17db5184a7fee)] -> xpath: //div[@class='govuk-radios']//div//label]]
2023-12-19 21:12:984 INFO  SelectNationalityPage :32 - Click on continue: [[ChromeDriver: chrome on windows (e71ce112e1117b97d0a17db5184a7fee)] -> xpath: //button[normalize-space()='Continue']]
2023-12-19 21:12:257 INFO  ResultPage :27 - Verify result text displayed: [[ChromeDriver: chrome on windows (e71ce112e1117b97d0a17db5184a7fee)] -> xpath: //h2[@class='gem-c-heading gem-c-heading--font-size-27   govuk-!-margin-bottom-6']]
2023-12-19 21:12:259 INFO  ResultPage :22 - Get result text displayed: [[ChromeDriver: chrome on windows (e71ce112e1117b97d0a17db5184a7fee)] -> xpath: //h2[@class='gem-c-heading gem-c-heading--font-size-27   govuk-!-margin-bottom-6']]
2023-12-19 21:12:316 INFO  ReasonForTravelPage :28 - Select a reason for visit: []
